graph: { title: "/it/sbx/a2c2/x86_64-linux/recompilablerts_bootstrap-c/pkg/lib/gcc/x86_64-pc-linux-gnu/10.3.1/rts-zfp/gnat/a-elchha.adb"
node: { title: "/it/sbx/a2c2/x86_64-linux/recompilablerts_bootstrap-c/pkg/lib/gcc/x86_64-pc-linux-gnu/10.3.1/rts-zfp/gnat/a-elchha.adb:ada__exceptions__last_chance_handler__put.0" label: "Put\n/it/sbx/a2c2/x86_64-linux/recompilablerts_bootstrap-c/pkg/lib/gcc/x86_64-pc-linux-gnu/10.3.1/rts-zfp/gnat/a-elchha.adb:53:4\n32 bytes (static)\n0 dynamic objects" }
node: { title: "gnat__io__put__2" label: "PUT\n/it/sbx/a2c2/x86_64-linux/recompilablerts_bootstrap-c/pkg/lib/gcc/x86_64-pc-linux-gnu/10.3.1/rts-zfp/gnat/g-io.ads:50:14" shape : ellipse }
edge: { sourcename: "/it/sbx/a2c2/x86_64-linux/recompilablerts_bootstrap-c/pkg/lib/gcc/x86_64-pc-linux-gnu/10.3.1/rts-zfp/gnat/a-elchha.adb:ada__exceptions__last_chance_handler__put.0" targetname: "gnat__io__put__2" label: "/it/sbx/a2c2/x86_64-linux/recompilablerts_bootstrap-c/pkg/lib/gcc/x86_64-pc-linux-gnu/10.3.1/rts-zfp/gnat/a-elchha.adb:63:10" }
node: { title: "__gnat_last_chance_handler" label: "Last_Chance_Handler\n/it/sbx/a2c2/x86_64-linux/recompilablerts_bootstrap-c/pkg/lib/gcc/x86_64-pc-linux-gnu/10.3.1/rts-zfp/gnat/a-elchha.adb:43:1\n32 bytes (static)\n0 dynamic objects" }
node: { title: "gnat__io__put_line" label: "PUT_LINE\n/it/sbx/a2c2/x86_64-linux/recompilablerts_bootstrap-c/pkg/lib/gcc/x86_64-pc-linux-gnu/10.3.1/rts-zfp/gnat/g-io.ads:56:14" shape : ellipse }
edge: { sourcename: "__gnat_last_chance_handler" targetname: "gnat__io__put_line" label: "/it/sbx/a2c2/x86_64-linux/recompilablerts_bootstrap-c/pkg/lib/gcc/x86_64-pc-linux-gnu/10.3.1/rts-zfp/gnat/a-elchha.adb:68:4" }
node: { title: "gnat__io__put__3" label: "PUT\n/it/sbx/a2c2/x86_64-linux/recompilablerts_bootstrap-c/pkg/lib/gcc/x86_64-pc-linux-gnu/10.3.1/rts-zfp/gnat/g-io.ads:53:14" shape : ellipse }
edge: { sourcename: "__gnat_last_chance_handler" targetname: "gnat__io__put__3" label: "/it/sbx/a2c2/x86_64-linux/recompilablerts_bootstrap-c/pkg/lib/gcc/x86_64-pc-linux-gnu/10.3.1/rts-zfp/gnat/a-elchha.adb:71:7" }
edge: { sourcename: "__gnat_last_chance_handler" targetname: "/it/sbx/a2c2/x86_64-linux/recompilablerts_bootstrap-c/pkg/lib/gcc/x86_64-pc-linux-gnu/10.3.1/rts-zfp/gnat/a-elchha.adb:ada__exceptions__last_chance_handler__put.0" label: "/it/sbx/a2c2/x86_64-linux/recompilablerts_bootstrap-c/pkg/lib/gcc/x86_64-pc-linux-gnu/10.3.1/rts-zfp/gnat/a-elchha.adb:72:7" }
edge: { sourcename: "__gnat_last_chance_handler" targetname: "gnat__io__put__2" label: "/it/sbx/a2c2/x86_64-linux/recompilablerts_bootstrap-c/pkg/lib/gcc/x86_64-pc-linux-gnu/10.3.1/rts-zfp/gnat/a-elchha.adb:73:7" }
node: { title: "gnat__io__put" label: "PUT\n/it/sbx/a2c2/x86_64-linux/recompilablerts_bootstrap-c/pkg/lib/gcc/x86_64-pc-linux-gnu/10.3.1/rts-zfp/gnat/g-io.ads:46:14" shape : ellipse }
edge: { sourcename: "__gnat_last_chance_handler" targetname: "gnat__io__put" label: "/it/sbx/a2c2/x86_64-linux/recompilablerts_bootstrap-c/pkg/lib/gcc/x86_64-pc-linux-gnu/10.3.1/rts-zfp/gnat/a-elchha.adb:74:7" }
edge: { sourcename: "__gnat_last_chance_handler" targetname: "gnat__io__put__3" label: "/it/sbx/a2c2/x86_64-linux/recompilablerts_bootstrap-c/pkg/lib/gcc/x86_64-pc-linux-gnu/10.3.1/rts-zfp/gnat/a-elchha.adb:76:7" }
edge: { sourcename: "__gnat_last_chance_handler" targetname: "/it/sbx/a2c2/x86_64-linux/recompilablerts_bootstrap-c/pkg/lib/gcc/x86_64-pc-linux-gnu/10.3.1/rts-zfp/gnat/a-elchha.adb:ada__exceptions__last_chance_handler__put.0" label: "/it/sbx/a2c2/x86_64-linux/recompilablerts_bootstrap-c/pkg/lib/gcc/x86_64-pc-linux-gnu/10.3.1/rts-zfp/gnat/a-elchha.adb:77:7" }
node: { title: "gnat__io__new_line" label: "NEW_LINE\n/it/sbx/a2c2/x86_64-linux/recompilablerts_bootstrap-c/pkg/lib/gcc/x86_64-pc-linux-gnu/10.3.1/rts-zfp/gnat/g-io.ads:60:14" shape : ellipse }
edge: { sourcename: "__gnat_last_chance_handler" targetname: "gnat__io__new_line" label: "/it/sbx/a2c2/x86_64-linux/recompilablerts_bootstrap-c/pkg/lib/gcc/x86_64-pc-linux-gnu/10.3.1/rts-zfp/gnat/a-elchha.adb:80:4" }
node: { title: "system__machine_reset__stop" label: "Stop\n/it/sbx/a2c2/x86_64-linux/recompilablerts_bootstrap-c/pkg/lib/gcc/x86_64-pc-linux-gnu/10.3.1/rts-zfp/gnat/s-macres.ads:39:14" shape : ellipse }
edge: { sourcename: "__gnat_last_chance_handler" targetname: "system__machine_reset__stop" label: "/it/sbx/a2c2/x86_64-linux/recompilablerts_bootstrap-c/pkg/lib/gcc/x86_64-pc-linux-gnu/10.3.1/rts-zfp/gnat/a-elchha.adb:84:24" }
}
