graph: { title: "/it/sbx/a2c2/x86_64-linux/recompilablerts_bootstrap-c/pkg/lib/gcc/x86_64-pc-linux-gnu/10.3.1/rts-zfp/gnat/a-except.adb"
node: { title: "ada__exceptions__call_last_chance_handler_with_message" label: "Call_Last_Chance_Handler_With_Message\n/it/sbx/a2c2/x86_64-linux/recompilablerts_bootstrap-c/pkg/lib/gcc/x86_64-pc-linux-gnu/10.3.1/rts-zfp/gnat/a-except.adb:45:4\n112 bytes (static)\n0 dynamic objects" }
node: { title: "memcpy" label: "builtin_memcpy\n<built-in>" shape : ellipse }
edge: { sourcename: "ada__exceptions__call_last_chance_handler_with_message" targetname: "memcpy" }
node: { title: "__gnat_last_chance_handler" label: "Last_Chance_Handler\n/it/sbx/a2c2/x86_64-linux/recompilablerts_bootstrap-c/pkg/lib/gcc/x86_64-pc-linux-gnu/10.3.1/rts-zfp/gnat/a-except.adb:34:14" shape : ellipse }
edge: { sourcename: "ada__exceptions__call_last_chance_handler_with_message" targetname: "__gnat_last_chance_handler" label: "/it/sbx/a2c2/x86_64-linux/recompilablerts_bootstrap-c/pkg/lib/gcc/x86_64-pc-linux-gnu/10.3.1/rts-zfp/gnat/a-except.adb:62:7" }
}
