graph: { title: "/it/sbx/a2c2/x86_64-linux/recompilablerts_bootstrap-c/pkg/lib/gcc/x86_64-pc-linux-gnu/10.3.1/rts-zfp/gnat/a-textio.adb"
node: { title: "ada__text_io__get" label: "Get\n/it/sbx/a2c2/x86_64-linux/recompilablerts_bootstrap-c/pkg/lib/gcc/x86_64-pc-linux-gnu/10.3.1/rts-zfp/gnat/a-textio.adb:42:4\n16 bytes (static)\n0 dynamic objects" }
node: { title: "system__text_io__is_rx_ready" label: "Is_Rx_Ready\n/it/sbx/a2c2/x86_64-linux/recompilablerts_bootstrap-c/pkg/lib/gcc/x86_64-pc-linux-gnu/10.3.1/rts-zfp/gnat/s-textio.ads:74:13" shape : ellipse }
edge: { sourcename: "ada__text_io__get" targetname: "system__text_io__is_rx_ready" label: "/it/sbx/a2c2/x86_64-linux/recompilablerts_bootstrap-c/pkg/lib/gcc/x86_64-pc-linux-gnu/10.3.1/rts-zfp/gnat/a-textio.adb:44:17" }
node: { title: "system__text_io__get" label: "Get\n/it/sbx/a2c2/x86_64-linux/recompilablerts_bootstrap-c/pkg/lib/gcc/x86_64-pc-linux-gnu/10.3.1/rts-zfp/gnat/s-textio.ads:79:13" shape : ellipse }
edge: { sourcename: "ada__text_io__get" targetname: "system__text_io__get" label: "/it/sbx/a2c2/x86_64-linux/recompilablerts_bootstrap-c/pkg/lib/gcc/x86_64-pc-linux-gnu/10.3.1/rts-zfp/gnat/a-textio.adb:48:26" }
node: { title: "ada__text_io__new_line" label: "New_Line\n/it/sbx/a2c2/x86_64-linux/recompilablerts_bootstrap-c/pkg/lib/gcc/x86_64-pc-linux-gnu/10.3.1/rts-zfp/gnat/a-textio.adb:55:4\n16 bytes (static)\n0 dynamic objects" }
node: { title: "system__text_io__use_cr_lf_for_new_line" label: "Use_Cr_Lf_For_New_Line\n/it/sbx/a2c2/x86_64-linux/recompilablerts_bootstrap-c/pkg/lib/gcc/x86_64-pc-linux-gnu/10.3.1/rts-zfp/gnat/s-textio.ads:66:13" shape : ellipse }
edge: { sourcename: "ada__text_io__new_line" targetname: "system__text_io__use_cr_lf_for_new_line" label: "/it/sbx/a2c2/x86_64-linux/recompilablerts_bootstrap-c/pkg/lib/gcc/x86_64-pc-linux-gnu/10.3.1/rts-zfp/gnat/a-textio.adb:57:10" }
node: { title: "system__text_io__is_tx_ready" label: "Is_Tx_Ready\n/it/sbx/a2c2/x86_64-linux/recompilablerts_bootstrap-c/pkg/lib/gcc/x86_64-pc-linux-gnu/10.3.1/rts-zfp/gnat/s-textio.ads:55:13" shape : ellipse }
edge: { sourcename: "ada__text_io__new_line" targetname: "system__text_io__is_tx_ready" label: "/it/sbx/a2c2/x86_64-linux/recompilablerts_bootstrap-c/pkg/lib/gcc/x86_64-pc-linux-gnu/10.3.1/rts-zfp/gnat/a-textio.adb:70:17" }
node: { title: "system__text_io__put" label: "Put\n/it/sbx/a2c2/x86_64-linux/recompilablerts_bootstrap-c/pkg/lib/gcc/x86_64-pc-linux-gnu/10.3.1/rts-zfp/gnat/s-textio.ads:62:14" shape : ellipse }
edge: { sourcename: "ada__text_io__new_line" targetname: "system__text_io__put" label: "/it/sbx/a2c2/x86_64-linux/recompilablerts_bootstrap-c/pkg/lib/gcc/x86_64-pc-linux-gnu/10.3.1/rts-zfp/gnat/a-textio.adb:74:21" }
edge: { sourcename: "ada__text_io__new_line" targetname: "system__text_io__is_tx_ready" label: "/it/sbx/a2c2/x86_64-linux/recompilablerts_bootstrap-c/pkg/lib/gcc/x86_64-pc-linux-gnu/10.3.1/rts-zfp/gnat/a-textio.adb:70:17" }
edge: { sourcename: "ada__text_io__new_line" targetname: "system__text_io__put" label: "/it/sbx/a2c2/x86_64-linux/recompilablerts_bootstrap-c/pkg/lib/gcc/x86_64-pc-linux-gnu/10.3.1/rts-zfp/gnat/a-textio.adb:74:21" }
node: { title: "ada__text_io__put" label: "Put\n/it/sbx/a2c2/x86_64-linux/recompilablerts_bootstrap-c/pkg/lib/gcc/x86_64-pc-linux-gnu/10.3.1/rts-zfp/gnat/a-textio.adb:68:4\n16 bytes (static)\n0 dynamic objects" }
edge: { sourcename: "ada__text_io__put" targetname: "system__text_io__is_tx_ready" label: "/it/sbx/a2c2/x86_64-linux/recompilablerts_bootstrap-c/pkg/lib/gcc/x86_64-pc-linux-gnu/10.3.1/rts-zfp/gnat/a-textio.adb:70:17" }
edge: { sourcename: "ada__text_io__put" targetname: "system__text_io__put" label: "/it/sbx/a2c2/x86_64-linux/recompilablerts_bootstrap-c/pkg/lib/gcc/x86_64-pc-linux-gnu/10.3.1/rts-zfp/gnat/a-textio.adb:74:21" }
node: { title: "ada__text_io__put__2" label: "Put\n/it/sbx/a2c2/x86_64-linux/recompilablerts_bootstrap-c/pkg/lib/gcc/x86_64-pc-linux-gnu/10.3.1/rts-zfp/gnat/a-textio.adb:77:4\n48 bytes (static)\n0 dynamic objects" }
edge: { sourcename: "ada__text_io__put__2" targetname: "system__text_io__is_tx_ready" label: "/it/sbx/a2c2/x86_64-linux/recompilablerts_bootstrap-c/pkg/lib/gcc/x86_64-pc-linux-gnu/10.3.1/rts-zfp/gnat/a-textio.adb:70:17" }
edge: { sourcename: "ada__text_io__put__2" targetname: "system__text_io__put" label: "/it/sbx/a2c2/x86_64-linux/recompilablerts_bootstrap-c/pkg/lib/gcc/x86_64-pc-linux-gnu/10.3.1/rts-zfp/gnat/a-textio.adb:74:21" }
node: { title: "ada__text_io__put_line" label: "Put_Line\n/it/sbx/a2c2/x86_64-linux/recompilablerts_bootstrap-c/pkg/lib/gcc/x86_64-pc-linux-gnu/10.3.1/rts-zfp/gnat/a-textio.adb:88:4\n48 bytes (static)\n0 dynamic objects" }
edge: { sourcename: "ada__text_io__put_line" targetname: "system__text_io__use_cr_lf_for_new_line" label: "/it/sbx/a2c2/x86_64-linux/recompilablerts_bootstrap-c/pkg/lib/gcc/x86_64-pc-linux-gnu/10.3.1/rts-zfp/gnat/a-textio.adb:57:10" }
edge: { sourcename: "ada__text_io__put_line" targetname: "system__text_io__is_tx_ready" label: "/it/sbx/a2c2/x86_64-linux/recompilablerts_bootstrap-c/pkg/lib/gcc/x86_64-pc-linux-gnu/10.3.1/rts-zfp/gnat/a-textio.adb:70:17" }
edge: { sourcename: "ada__text_io__put_line" targetname: "system__text_io__put" label: "/it/sbx/a2c2/x86_64-linux/recompilablerts_bootstrap-c/pkg/lib/gcc/x86_64-pc-linux-gnu/10.3.1/rts-zfp/gnat/a-textio.adb:74:21" }
edge: { sourcename: "ada__text_io__put_line" targetname: "system__text_io__is_tx_ready" label: "/it/sbx/a2c2/x86_64-linux/recompilablerts_bootstrap-c/pkg/lib/gcc/x86_64-pc-linux-gnu/10.3.1/rts-zfp/gnat/a-textio.adb:70:17" }
edge: { sourcename: "ada__text_io__put_line" targetname: "system__text_io__put" label: "/it/sbx/a2c2/x86_64-linux/recompilablerts_bootstrap-c/pkg/lib/gcc/x86_64-pc-linux-gnu/10.3.1/rts-zfp/gnat/a-textio.adb:74:21" }
edge: { sourcename: "ada__text_io__put_line" targetname: "system__text_io__is_tx_ready" label: "/it/sbx/a2c2/x86_64-linux/recompilablerts_bootstrap-c/pkg/lib/gcc/x86_64-pc-linux-gnu/10.3.1/rts-zfp/gnat/a-textio.adb:70:17" }
edge: { sourcename: "ada__text_io__put_line" targetname: "system__text_io__put" label: "/it/sbx/a2c2/x86_64-linux/recompilablerts_bootstrap-c/pkg/lib/gcc/x86_64-pc-linux-gnu/10.3.1/rts-zfp/gnat/a-textio.adb:74:21" }
node: { title: "ada__text_io___elabb" label: "Text_Io\n/it/sbx/a2c2/x86_64-linux/recompilablerts_bootstrap-c/pkg/lib/gcc/x86_64-pc-linux-gnu/10.3.1/rts-zfp/gnat/a-textio.adb:36:1\n8 bytes (static)\n0 dynamic objects" }
node: { title: "system__text_io__initialize" label: "Initialize\n/it/sbx/a2c2/x86_64-linux/recompilablerts_bootstrap-c/pkg/lib/gcc/x86_64-pc-linux-gnu/10.3.1/rts-zfp/gnat/s-textio.ads:43:14" shape : ellipse }
edge: { sourcename: "ada__text_io___elabb" targetname: "system__text_io__initialize" label: "/it/sbx/a2c2/x86_64-linux/recompilablerts_bootstrap-c/pkg/lib/gcc/x86_64-pc-linux-gnu/10.3.1/rts-zfp/gnat/a-textio.adb:96:7" }
}
