graph: { title: "/it/sbx/a2c2/x86_64-linux/recompilablerts_bootstrap-c/pkg/lib/gcc/x86_64-pc-linux-gnu/10.3.1/rts-zfp/gnat/i-c.ads"
node: { title: "interfaces__c__char_arrayIP" label: "Char_Arrayip\n/it/sbx/a2c2/x86_64-linux/recompilablerts_bootstrap-c/pkg/lib/gcc/x86_64-pc-linux-gnu/10.3.1/rts-zfp/gnat/i-c.ads:96:9\n8 bytes (static)\n0 dynamic objects" }
node: { title: "interfaces__c__wchar_arrayIP" label: "Wchar_Arrayip\n/it/sbx/a2c2/x86_64-linux/recompilablerts_bootstrap-c/pkg/lib/gcc/x86_64-pc-linux-gnu/10.3.1/rts-zfp/gnat/i-c.ads:108:9\n8 bytes (static)\n0 dynamic objects" }
}
