graph: { title: "/it/sbx/a2c2/x86_64-linux/recompilablerts_bootstrap-c/pkg/lib/gcc/x86_64-pc-linux-gnu/10.3.1/rts-zfp/gnat/i-cexten.ads"
node: { title: "interfaces__c__extensions__float_128IP" label: "Float_128ip\n/it/sbx/a2c2/x86_64-linux/recompilablerts_bootstrap-c/pkg/lib/gcc/x86_64-pc-linux-gnu/10.3.1/rts-zfp/gnat/i-cexten.ads:69:9\n8 bytes (static)\n0 dynamic objects" }
node: { title: "interfaces__c__extensions__cfloat_128IP" label: "Cfloat_128ip\n/it/sbx/a2c2/x86_64-linux/recompilablerts_bootstrap-c/pkg/lib/gcc/x86_64-pc-linux-gnu/10.3.1/rts-zfp/gnat/i-cexten.ads:78:9\n8 bytes (static)\n0 dynamic objects" }
}
