graph: { title: "/it/sbx/a2c2/x86_64-linux/recompilablerts_bootstrap-c/pkg/lib/gcc/x86_64-pc-linux-gnu/10.3.1/rts-zfp/gnat/s-assert.adb"
node: { title: "system__assertions__raise_assert_failure" label: "Raise_Assert_Failure\n/it/sbx/a2c2/x86_64-linux/recompilablerts_bootstrap-c/pkg/lib/gcc/x86_64-pc-linux-gnu/10.3.1/rts-zfp/gnat/s-assert.adb:40:4\n16 bytes (static)\n0 dynamic objects" }
node: { title: "__gnat_last_chance_handler" label: "Last_Chance_Handler\n/it/sbx/a2c2/x86_64-linux/recompilablerts_bootstrap-c/pkg/lib/gcc/x86_64-pc-linux-gnu/10.3.1/rts-zfp/gnat/a-except.adb:34:14" shape : ellipse }
edge: { sourcename: "system__assertions__raise_assert_failure" targetname: "__gnat_last_chance_handler" label: "/it/sbx/a2c2/x86_64-linux/recompilablerts_bootstrap-c/pkg/lib/gcc/x86_64-pc-linux-gnu/10.3.1/rts-zfp/gnat/s-assert.adb:42:7" }
node: { title: "ada__exceptions__call_last_chance_handler_with_message" label: "Call_Last_Chance_Handler_With_Message\n/it/sbx/a2c2/x86_64-linux/recompilablerts_bootstrap-c/pkg/lib/gcc/x86_64-pc-linux-gnu/10.3.1/rts-zfp/gnat/a-except.adb:40:14" shape : ellipse }
edge: { sourcename: "system__assertions__raise_assert_failure" targetname: "ada__exceptions__call_last_chance_handler_with_message" label: "/it/sbx/a2c2/x86_64-linux/recompilablerts_bootstrap-c/pkg/lib/gcc/x86_64-pc-linux-gnu/10.3.1/rts-zfp/gnat/s-assert.adb:42:7" }
}
