graph: { title: "/it/sbx/a2c2/x86_64-linux/recompilablerts_bootstrap-c/pkg/lib/gcc/x86_64-pc-linux-gnu/10.3.1/rts-zfp/gnat/s-fatlfl.ads"
node: { title: "/it/sbx/a2c2/x86_64-linux/recompilablerts_bootstrap-c/pkg/lib/gcc/x86_64-pc-linux-gnu/10.3.1/rts-zfp/gnat/s-fatlfl.ads:system__fat_lflt__attr_long_float__finite_succ" label: "Finite_Succ\n/it/sbx/a2c2/x86_64-linux/recompilablerts_bootstrap-c/pkg/lib/gcc/x86_64-pc-linux-gnu/10.3.1/rts-zfp/gnat/s-fatgen.adb:298:4\n8 bytes (static)\n0 dynamic objects" }
node: { title: "system__fat_lflt__attr_long_float__adjacent" label: "Adjacent\n/it/sbx/a2c2/x86_64-linux/recompilablerts_bootstrap-c/pkg/lib/gcc/x86_64-pc-linux-gnu/10.3.1/rts-zfp/gnat/s-fatgen.adb:163:4\n16 bytes (static)\n0 dynamic objects" }
node: { title: "ada__exceptions__call_last_chance_handler_with_message" label: "Call_Last_Chance_Handler_With_Message\n/it/sbx/a2c2/x86_64-linux/recompilablerts_bootstrap-c/pkg/lib/gcc/x86_64-pc-linux-gnu/10.3.1/rts-zfp/gnat/a-except.adb:40:14" shape : ellipse }
edge: { sourcename: "system__fat_lflt__attr_long_float__adjacent" targetname: "ada__exceptions__call_last_chance_handler_with_message" label: "/it/sbx/a2c2/x86_64-linux/recompilablerts_bootstrap-c/pkg/lib/gcc/x86_64-pc-linux-gnu/10.3.1/rts-zfp/gnat/a-except.adb:95:10" }
edge: { sourcename: "system__fat_lflt__attr_long_float__adjacent" targetname: "/it/sbx/a2c2/x86_64-linux/recompilablerts_bootstrap-c/pkg/lib/gcc/x86_64-pc-linux-gnu/10.3.1/rts-zfp/gnat/s-fatlfl.ads:system__fat_lflt__attr_long_float__finite_succ" label: "/it/sbx/a2c2/x86_64-linux/recompilablerts_bootstrap-c/pkg/lib/gcc/x86_64-pc-linux-gnu/10.3.1/rts-zfp/gnat/s-fatgen.adb:850:17" }
edge: { sourcename: "system__fat_lflt__attr_long_float__adjacent" targetname: "ada__exceptions__call_last_chance_handler_with_message" label: "/it/sbx/a2c2/x86_64-linux/recompilablerts_bootstrap-c/pkg/lib/gcc/x86_64-pc-linux-gnu/10.3.1/rts-zfp/gnat/a-except.adb:95:10" }
edge: { sourcename: "system__fat_lflt__attr_long_float__adjacent" targetname: "/it/sbx/a2c2/x86_64-linux/recompilablerts_bootstrap-c/pkg/lib/gcc/x86_64-pc-linux-gnu/10.3.1/rts-zfp/gnat/s-fatlfl.ads:system__fat_lflt__attr_long_float__finite_succ" label: "/it/sbx/a2c2/x86_64-linux/recompilablerts_bootstrap-c/pkg/lib/gcc/x86_64-pc-linux-gnu/10.3.1/rts-zfp/gnat/s-fatgen.adb:598:18" }
node: { title: "system__fat_lflt__attr_long_float__ceiling" label: "Ceiling\n/it/sbx/a2c2/x86_64-linux/recompilablerts_bootstrap-c/pkg/lib/gcc/x86_64-pc-linux-gnu/10.3.1/rts-zfp/gnat/s-fatgen.adb:178:4\n8 bytes (static)\n0 dynamic objects" }
node: { title: "system__fat_lflt__attr_long_float__copy_sign" label: "Copy_Sign\n/it/sbx/a2c2/x86_64-linux/recompilablerts_bootstrap-c/pkg/lib/gcc/x86_64-pc-linux-gnu/10.3.1/rts-zfp/gnat/s-fatgen.adb:207:4\n8 bytes (static)\n0 dynamic objects" }
node: { title: "system__fat_lflt__attr_long_float__decompose" label: "Decompose\n/it/sbx/a2c2/x86_64-linux/recompilablerts_bootstrap-c/pkg/lib/gcc/x86_64-pc-linux-gnu/10.3.1/rts-zfp/gnat/s-fatgen.adb:230:4\n64 bytes (static)\n0 dynamic objects" }
edge: { sourcename: "system__fat_lflt__attr_long_float__decompose" targetname: "system__fat_lflt__attr_long_float__decompose" label: "/it/sbx/a2c2/x86_64-linux/recompilablerts_bootstrap-c/pkg/lib/gcc/x86_64-pc-linux-gnu/10.3.1/rts-zfp/gnat/s-fatgen.adb:263:10" }
node: { title: "system__fat_lflt__attr_long_float__exponent" label: "Exponent\n/it/sbx/a2c2/x86_64-linux/recompilablerts_bootstrap-c/pkg/lib/gcc/x86_64-pc-linux-gnu/10.3.1/rts-zfp/gnat/s-fatgen.adb:285:4\n32 bytes (static)\n0 dynamic objects" }
edge: { sourcename: "system__fat_lflt__attr_long_float__exponent" targetname: "system__fat_lflt__attr_long_float__decompose" label: "/it/sbx/a2c2/x86_64-linux/recompilablerts_bootstrap-c/pkg/lib/gcc/x86_64-pc-linux-gnu/10.3.1/rts-zfp/gnat/s-fatgen.adb:263:10" }
node: { title: "system__fat_lflt__attr_long_float__floor" label: "Floor\n/it/sbx/a2c2/x86_64-linux/recompilablerts_bootstrap-c/pkg/lib/gcc/x86_64-pc-linux-gnu/10.3.1/rts-zfp/gnat/s-fatgen.adb:471:4\n8 bytes (static)\n0 dynamic objects" }
node: { title: "system__fat_lflt__attr_long_float__fraction" label: "Fraction\n/it/sbx/a2c2/x86_64-linux/recompilablerts_bootstrap-c/pkg/lib/gcc/x86_64-pc-linux-gnu/10.3.1/rts-zfp/gnat/s-fatgen.adb:487:4\n48 bytes (static)\n0 dynamic objects" }
edge: { sourcename: "system__fat_lflt__attr_long_float__fraction" targetname: "system__fat_lflt__attr_long_float__decompose" label: "/it/sbx/a2c2/x86_64-linux/recompilablerts_bootstrap-c/pkg/lib/gcc/x86_64-pc-linux-gnu/10.3.1/rts-zfp/gnat/s-fatgen.adb:263:10" }
node: { title: "system__fat_lflt__attr_long_float__machine" label: "Machine\n/it/sbx/a2c2/x86_64-linux/recompilablerts_bootstrap-c/pkg/lib/gcc/x86_64-pc-linux-gnu/10.3.1/rts-zfp/gnat/s-fatgen.adb:528:4\n8 bytes (static)\n0 dynamic objects" }
node: { title: "system__fat_lflt__attr_long_float__machine_rounding" label: "Machine_Rounding\n/it/sbx/a2c2/x86_64-linux/recompilablerts_bootstrap-c/pkg/lib/gcc/x86_64-pc-linux-gnu/10.3.1/rts-zfp/gnat/s-fatgen.adb:543:4\n8 bytes (static)\n0 dynamic objects" }
node: { title: "system__fat_lflt__attr_long_float__model" label: "Model\n/it/sbx/a2c2/x86_64-linux/recompilablerts_bootstrap-c/pkg/lib/gcc/x86_64-pc-linux-gnu/10.3.1/rts-zfp/gnat/s-fatgen.adb:575:4\n8 bytes (static)\n0 dynamic objects" }
node: { title: "system__fat_lflt__attr_long_float__pred" label: "Pred\n/it/sbx/a2c2/x86_64-linux/recompilablerts_bootstrap-c/pkg/lib/gcc/x86_64-pc-linux-gnu/10.3.1/rts-zfp/gnat/s-fatgen.adb:584:4\n16 bytes (static)\n0 dynamic objects" }
edge: { sourcename: "system__fat_lflt__attr_long_float__pred" targetname: "ada__exceptions__call_last_chance_handler_with_message" label: "/it/sbx/a2c2/x86_64-linux/recompilablerts_bootstrap-c/pkg/lib/gcc/x86_64-pc-linux-gnu/10.3.1/rts-zfp/gnat/a-except.adb:95:10" }
edge: { sourcename: "system__fat_lflt__attr_long_float__pred" targetname: "/it/sbx/a2c2/x86_64-linux/recompilablerts_bootstrap-c/pkg/lib/gcc/x86_64-pc-linux-gnu/10.3.1/rts-zfp/gnat/s-fatlfl.ads:system__fat_lflt__attr_long_float__finite_succ" label: "/it/sbx/a2c2/x86_64-linux/recompilablerts_bootstrap-c/pkg/lib/gcc/x86_64-pc-linux-gnu/10.3.1/rts-zfp/gnat/s-fatgen.adb:598:18" }
node: { title: "system__fat_lflt__attr_long_float__rounding" label: "Rounding\n/it/sbx/a2c2/x86_64-linux/recompilablerts_bootstrap-c/pkg/lib/gcc/x86_64-pc-linux-gnu/10.3.1/rts-zfp/gnat/s-fatgen.adb:695:4\n8 bytes (static)\n0 dynamic objects" }
node: { title: "system__fat_lflt__attr_long_float__scaling" label: "Scaling\n/it/sbx/a2c2/x86_64-linux/recompilablerts_bootstrap-c/pkg/lib/gcc/x86_64-pc-linux-gnu/10.3.1/rts-zfp/gnat/s-fatgen.adb:724:4\n8 bytes (static)\n0 dynamic objects" }
node: { title: "system__fat_lflt__attr_long_float__compose" label: "Compose\n/it/sbx/a2c2/x86_64-linux/recompilablerts_bootstrap-c/pkg/lib/gcc/x86_64-pc-linux-gnu/10.3.1/rts-zfp/gnat/s-fatgen.adb:194:4\n48 bytes (static)\n0 dynamic objects" }
edge: { sourcename: "system__fat_lflt__attr_long_float__compose" targetname: "system__fat_lflt__attr_long_float__decompose" label: "/it/sbx/a2c2/x86_64-linux/recompilablerts_bootstrap-c/pkg/lib/gcc/x86_64-pc-linux-gnu/10.3.1/rts-zfp/gnat/s-fatgen.adb:263:10" }
edge: { sourcename: "system__fat_lflt__attr_long_float__compose" targetname: "system__fat_lflt__attr_long_float__scaling" label: "/it/sbx/a2c2/x86_64-linux/recompilablerts_bootstrap-c/pkg/lib/gcc/x86_64-pc-linux-gnu/10.3.1/rts-zfp/gnat/s-fatgen.adb:200:14" }
node: { title: "system__fat_lflt__attr_long_float__leading_part" label: "Leading_Part\n/it/sbx/a2c2/x86_64-linux/recompilablerts_bootstrap-c/pkg/lib/gcc/x86_64-pc-linux-gnu/10.3.1/rts-zfp/gnat/s-fatgen.adb:500:4\n32 bytes (static)\n0 dynamic objects" }
node: { title: "__gnat_last_chance_handler" label: "gnat_last_chance_handler\n<built-in>" shape : ellipse }
edge: { sourcename: "system__fat_lflt__attr_long_float__leading_part" targetname: "__gnat_last_chance_handler" label: "/it/sbx/a2c2/x86_64-linux/recompilablerts_bootstrap-c/pkg/lib/gcc/x86_64-pc-linux-gnu/10.3.1/rts-zfp/gnat/s-fatgen.adb:509:10" }
edge: { sourcename: "system__fat_lflt__attr_long_float__leading_part" targetname: "system__fat_lflt__attr_long_float__decompose" label: "/it/sbx/a2c2/x86_64-linux/recompilablerts_bootstrap-c/pkg/lib/gcc/x86_64-pc-linux-gnu/10.3.1/rts-zfp/gnat/s-fatgen.adb:290:7" }
edge: { sourcename: "system__fat_lflt__attr_long_float__leading_part" targetname: "system__fat_lflt__attr_long_float__scaling" label: "/it/sbx/a2c2/x86_64-linux/recompilablerts_bootstrap-c/pkg/lib/gcc/x86_64-pc-linux-gnu/10.3.1/rts-zfp/gnat/s-fatgen.adb:513:15" }
edge: { sourcename: "system__fat_lflt__attr_long_float__leading_part" targetname: "system__fat_lflt__attr_long_float__scaling" label: "/it/sbx/a2c2/x86_64-linux/recompilablerts_bootstrap-c/pkg/lib/gcc/x86_64-pc-linux-gnu/10.3.1/rts-zfp/gnat/s-fatgen.adb:514:15" }
node: { title: "system__fat_lflt__attr_long_float__remainder" label: "Remainder\n/it/sbx/a2c2/x86_64-linux/recompilablerts_bootstrap-c/pkg/lib/gcc/x86_64-pc-linux-gnu/10.3.1/rts-zfp/gnat/s-fatgen.adb:613:4\n32 bytes (static)\n0 dynamic objects" }
edge: { sourcename: "system__fat_lflt__attr_long_float__remainder" targetname: "__gnat_last_chance_handler" label: "/it/sbx/a2c2/x86_64-linux/recompilablerts_bootstrap-c/pkg/lib/gcc/x86_64-pc-linux-gnu/10.3.1/rts-zfp/gnat/s-fatgen.adb:631:10" }
edge: { sourcename: "system__fat_lflt__attr_long_float__remainder" targetname: "system__fat_lflt__attr_long_float__decompose" label: "/it/sbx/a2c2/x86_64-linux/recompilablerts_bootstrap-c/pkg/lib/gcc/x86_64-pc-linux-gnu/10.3.1/rts-zfp/gnat/s-fatgen.adb:290:7" }
edge: { sourcename: "system__fat_lflt__attr_long_float__remainder" targetname: "system__fat_lflt__attr_long_float__decompose" label: "/it/sbx/a2c2/x86_64-linux/recompilablerts_bootstrap-c/pkg/lib/gcc/x86_64-pc-linux-gnu/10.3.1/rts-zfp/gnat/s-fatgen.adb:650:10" }
edge: { sourcename: "system__fat_lflt__attr_long_float__remainder" targetname: "system__fat_lflt__attr_long_float__decompose" label: "/it/sbx/a2c2/x86_64-linux/recompilablerts_bootstrap-c/pkg/lib/gcc/x86_64-pc-linux-gnu/10.3.1/rts-zfp/gnat/s-fatgen.adb:651:10" }
edge: { sourcename: "system__fat_lflt__attr_long_float__remainder" targetname: "system__fat_lflt__attr_long_float__decompose" label: "/it/sbx/a2c2/x86_64-linux/recompilablerts_bootstrap-c/pkg/lib/gcc/x86_64-pc-linux-gnu/10.3.1/rts-zfp/gnat/s-fatgen.adb:199:7" }
edge: { sourcename: "system__fat_lflt__attr_long_float__remainder" targetname: "system__fat_lflt__attr_long_float__scaling" label: "/it/sbx/a2c2/x86_64-linux/recompilablerts_bootstrap-c/pkg/lib/gcc/x86_64-pc-linux-gnu/10.3.1/rts-zfp/gnat/s-fatgen.adb:200:14" }
node: { title: "system__fat_lflt__attr_long_float__succ" label: "Succ\n/it/sbx/a2c2/x86_64-linux/recompilablerts_bootstrap-c/pkg/lib/gcc/x86_64-pc-linux-gnu/10.3.1/rts-zfp/gnat/s-fatgen.adb:836:4\n16 bytes (static)\n0 dynamic objects" }
edge: { sourcename: "system__fat_lflt__attr_long_float__succ" targetname: "ada__exceptions__call_last_chance_handler_with_message" label: "/it/sbx/a2c2/x86_64-linux/recompilablerts_bootstrap-c/pkg/lib/gcc/x86_64-pc-linux-gnu/10.3.1/rts-zfp/gnat/a-except.adb:95:10" }
edge: { sourcename: "system__fat_lflt__attr_long_float__succ" targetname: "/it/sbx/a2c2/x86_64-linux/recompilablerts_bootstrap-c/pkg/lib/gcc/x86_64-pc-linux-gnu/10.3.1/rts-zfp/gnat/s-fatlfl.ads:system__fat_lflt__attr_long_float__finite_succ" label: "/it/sbx/a2c2/x86_64-linux/recompilablerts_bootstrap-c/pkg/lib/gcc/x86_64-pc-linux-gnu/10.3.1/rts-zfp/gnat/s-fatgen.adb:850:17" }
node: { title: "system__fat_lflt__attr_long_float__truncation" label: "Truncation\n/it/sbx/a2c2/x86_64-linux/recompilablerts_bootstrap-c/pkg/lib/gcc/x86_64-pc-linux-gnu/10.3.1/rts-zfp/gnat/s-fatgen.adb:880:4\n8 bytes (static)\n0 dynamic objects" }
node: { title: "system__fat_lflt__attr_long_float__unbiased_rounding" label: "Unbiased_Rounding\n/it/sbx/a2c2/x86_64-linux/recompilablerts_bootstrap-c/pkg/lib/gcc/x86_64-pc-linux-gnu/10.3.1/rts-zfp/gnat/s-fatgen.adb:914:4\n8 bytes (static)\n0 dynamic objects" }
node: { title: "system__fat_lflt__attr_long_float__valid" label: "Valid\n/it/sbx/a2c2/x86_64-linux/recompilablerts_bootstrap-c/pkg/lib/gcc/x86_64-pc-linux-gnu/10.3.1/rts-zfp/gnat/s-fatgen.adb:947:4\n8 bytes (static)\n0 dynamic objects" }
}
