graph: { title: "/it/sbx/a2c2/x86_64-linux/recompilablerts_bootstrap-c/pkg/lib/gcc/x86_64-pc-linux-gnu/10.3.1/rts-zfp/gnat/s-imgllli.ads"
node: { title: "system__img_llli__impl__set_image_integer" label: "Set_Image_Integer\n/it/sbx/a2c2/x86_64-linux/recompilablerts_bootstrap-c/pkg/lib/gcc/x86_64-pc-linux-gnu/10.3.1/rts-zfp/gnat/s-imagei.adb:109:4\n96 bytes (static)\n0 dynamic objects" }
node: { title: "__divti3" label: "divti3\n<built-in>" shape : ellipse }
edge: { sourcename: "system__img_llli__impl__set_image_integer" targetname: "__divti3" }
node: { title: "__modti3" label: "modti3\n<built-in>" shape : ellipse }
edge: { sourcename: "system__img_llli__impl__set_image_integer" targetname: "__modti3" }
edge: { sourcename: "system__img_llli__impl__set_image_integer" targetname: "__divti3" }
edge: { sourcename: "system__img_llli__impl__set_image_integer" targetname: "__divti3" }
edge: { sourcename: "system__img_llli__impl__set_image_integer" targetname: "__modti3" }
edge: { sourcename: "system__img_llli__impl__set_image_integer" targetname: "__divti3" }
node: { title: "system__img_llli__impl__image_integer" label: "Image_Integer\n/it/sbx/a2c2/x86_64-linux/recompilablerts_bootstrap-c/pkg/lib/gcc/x86_64-pc-linux-gnu/10.3.1/rts-zfp/gnat/s-imagei.adb:48:4\n8 bytes (static)\n0 dynamic objects" }
edge: { sourcename: "system__img_llli__impl__image_integer" targetname: "system__img_llli__impl__set_image_integer" label: "/it/sbx/a2c2/x86_64-linux/recompilablerts_bootstrap-c/pkg/lib/gcc/x86_64-pc-linux-gnu/10.3.1/rts-zfp/gnat/s-imagei.adb:66:7" }
}
