graph: { title: "/it/sbx/a2c2/x86_64-linux/recompilablerts_bootstrap-c/pkg/lib/gcc/x86_64-pc-linux-gnu/10.3.1/rts-zfp/gnat/s-imgint.ads"
node: { title: "system__img_int__impl__set_image_integer" label: "Set_Image_Integer\n/it/sbx/a2c2/x86_64-linux/recompilablerts_bootstrap-c/pkg/lib/gcc/x86_64-pc-linux-gnu/10.3.1/rts-zfp/gnat/s-imagei.adb:109:4\n8 bytes (static)\n0 dynamic objects" }
node: { title: "system__img_int__impl__image_integer" label: "Image_Integer\n/it/sbx/a2c2/x86_64-linux/recompilablerts_bootstrap-c/pkg/lib/gcc/x86_64-pc-linux-gnu/10.3.1/rts-zfp/gnat/s-imagei.adb:48:4\n8 bytes (static)\n0 dynamic objects" }
edge: { sourcename: "system__img_int__impl__image_integer" targetname: "system__img_int__impl__set_image_integer" label: "/it/sbx/a2c2/x86_64-linux/recompilablerts_bootstrap-c/pkg/lib/gcc/x86_64-pc-linux-gnu/10.3.1/rts-zfp/gnat/s-imagei.adb:66:7" }
}
