graph: { title: "/it/sbx/a2c2/x86_64-linux/recompilablerts_bootstrap-c/pkg/lib/gcc/x86_64-pc-linux-gnu/10.3.1/rts-zfp/gnat/s-imglllu.ads"
node: { title: "system__img_lllu__impl__image_unsigned" label: "Image_Unsigned\n/it/sbx/a2c2/x86_64-linux/recompilablerts_bootstrap-c/pkg/lib/gcc/x86_64-pc-linux-gnu/10.3.1/rts-zfp/gnat/s-imageu.adb:38:4\n80 bytes (static)\n0 dynamic objects" }
node: { title: "__udivti3" label: "udivti3\n<built-in>" shape : ellipse }
edge: { sourcename: "system__img_lllu__impl__image_unsigned" targetname: "__udivti3" }
node: { title: "__umodti3" label: "umodti3\n<built-in>" shape : ellipse }
edge: { sourcename: "system__img_lllu__impl__image_unsigned" targetname: "__umodti3" }
edge: { sourcename: "system__img_lllu__impl__image_unsigned" targetname: "__udivti3" }
node: { title: "system__img_lllu__impl__set_image_unsigned" label: "Set_Image_Unsigned\n/it/sbx/a2c2/x86_64-linux/recompilablerts_bootstrap-c/pkg/lib/gcc/x86_64-pc-linux-gnu/10.3.1/rts-zfp/gnat/s-imageu.adb:54:4\n96 bytes (static)\n0 dynamic objects" }
edge: { sourcename: "system__img_lllu__impl__set_image_unsigned" targetname: "__udivti3" }
edge: { sourcename: "system__img_lllu__impl__set_image_unsigned" targetname: "__umodti3" }
edge: { sourcename: "system__img_lllu__impl__set_image_unsigned" targetname: "__udivti3" }
}
