graph: { title: "/it/sbx/a2c2/x86_64-linux/recompilablerts_bootstrap-c/pkg/lib/gcc/x86_64-pc-linux-gnu/10.3.1/rts-zfp/gnat/s-imguns.ads"
node: { title: "system__img_uns__impl__image_unsigned" label: "Image_Unsigned\n/it/sbx/a2c2/x86_64-linux/recompilablerts_bootstrap-c/pkg/lib/gcc/x86_64-pc-linux-gnu/10.3.1/rts-zfp/gnat/s-imageu.adb:38:4\n8 bytes (static)\n0 dynamic objects" }
node: { title: "system__img_uns__impl__set_image_unsigned" label: "Set_Image_Unsigned\n/it/sbx/a2c2/x86_64-linux/recompilablerts_bootstrap-c/pkg/lib/gcc/x86_64-pc-linux-gnu/10.3.1/rts-zfp/gnat/s-imageu.adb:54:4\n8 bytes (static)\n0 dynamic objects" }
}
