graph: { title: "/it/sbx/a2c2/x86_64-linux/recompilablerts_bootstrap-c/pkg/lib/gcc/x86_64-pc-linux-gnu/10.3.1/rts-zfp/gnat/s-macres.adb"
node: { title: "system__machine_reset__stop" label: "Stop\n/it/sbx/a2c2/x86_64-linux/recompilablerts_bootstrap-c/pkg/lib/gcc/x86_64-pc-linux-gnu/10.3.1/rts-zfp/gnat/s-macres.adb:41:4\n16 bytes (static)\n0 dynamic objects" }
node: { title: "exit" label: "Os_Exit\n/it/sbx/a2c2/x86_64-linux/recompilablerts_bootstrap-c/pkg/lib/gcc/x86_64-pc-linux-gnu/10.3.1/rts-zfp/gnat/s-macres.adb:33:14" shape : ellipse }
edge: { sourcename: "system__machine_reset__stop" targetname: "exit" label: "/it/sbx/a2c2/x86_64-linux/recompilablerts_bootstrap-c/pkg/lib/gcc/x86_64-pc-linux-gnu/10.3.1/rts-zfp/gnat/s-macres.adb:43:7" }
}
