graph: { title: "/it/sbx/a2c2/x86_64-linux/recompilablerts_bootstrap-c/pkg/lib/gcc/x86_64-pc-linux-gnu/10.3.1/rts-zfp/gnat/s-maccod.ads"
node: { title: "system__machine_code__asm_input_operand_listIP" label: "Asm_Input_Operand_Listip\n/it/sbx/a2c2/x86_64-linux/recompilablerts_bootstrap-c/pkg/lib/gcc/x86_64-pc-linux-gnu/10.3.1/rts-zfp/gnat/s-maccod.ads:52:9\n8 bytes (static)\n0 dynamic objects" }
node: { title: "system__machine_code__asm_output_operand_listIP" label: "Asm_Output_Operand_Listip\n/it/sbx/a2c2/x86_64-linux/recompilablerts_bootstrap-c/pkg/lib/gcc/x86_64-pc-linux-gnu/10.3.1/rts-zfp/gnat/s-maccod.ads:55:9\n8 bytes (static)\n0 dynamic objects" }
}
