graph: { title: "/it/sbx/a2c2/x86_64-linux/recompilablerts_bootstrap-c/pkg/lib/gcc/x86_64-pc-linux-gnu/10.3.1/rts-zfp/gnat/s-memory.adb"
node: { title: "__gnat_malloc" label: "Alloc\n/it/sbx/a2c2/x86_64-linux/recompilablerts_bootstrap-c/pkg/lib/gcc/x86_64-pc-linux-gnu/10.3.1/rts-zfp/gnat/s-memory.adb:48:4\n16 bytes (static)\n0 dynamic objects" }
node: { title: "ada__exceptions__call_last_chance_handler_with_message" label: "Call_Last_Chance_Handler_With_Message\n/it/sbx/a2c2/x86_64-linux/recompilablerts_bootstrap-c/pkg/lib/gcc/x86_64-pc-linux-gnu/10.3.1/rts-zfp/gnat/a-except.adb:40:14" shape : ellipse }
edge: { sourcename: "__gnat_malloc" targetname: "ada__exceptions__call_last_chance_handler_with_message" label: "/it/sbx/a2c2/x86_64-linux/recompilablerts_bootstrap-c/pkg/lib/gcc/x86_64-pc-linux-gnu/10.3.1/rts-zfp/gnat/a-except.adb:95:10" }
node: { title: "malloc" label: "C_Malloc\n/it/sbx/a2c2/x86_64-linux/recompilablerts_bootstrap-c/pkg/lib/gcc/x86_64-pc-linux-gnu/10.3.1/rts-zfp/gnat/s-memory.adb:41:13" shape : ellipse }
edge: { sourcename: "__gnat_malloc" targetname: "malloc" label: "/it/sbx/a2c2/x86_64-linux/recompilablerts_bootstrap-c/pkg/lib/gcc/x86_64-pc-linux-gnu/10.3.1/rts-zfp/gnat/s-memory.adb:66:17" }
edge: { sourcename: "__gnat_malloc" targetname: "ada__exceptions__call_last_chance_handler_with_message" label: "/it/sbx/a2c2/x86_64-linux/recompilablerts_bootstrap-c/pkg/lib/gcc/x86_64-pc-linux-gnu/10.3.1/rts-zfp/gnat/a-except.adb:95:10" }
}
