graph: { title: "/it/sbx/a2c2/x86_64-linux/recompilablerts_bootstrap-c/pkg/lib/gcc/x86_64-pc-linux-gnu/10.3.1/rts-zfp/gnat/s-sssita.adb"
node: { title: "__gnat_get_secondary_stack" label: "Get_Sec_Stack\n/it/sbx/a2c2/x86_64-linux/recompilablerts_bootstrap-c/pkg/lib/gcc/x86_64-pc-linux-gnu/10.3.1/rts-zfp/gnat/s-sssita.adb:49:4\n16 bytes (static)\n0 dynamic objects" }
node: { title: "system__secondary_stack__ss_init" label: "Ss_Init\n/it/sbx/a2c2/x86_64-linux/recompilablerts_bootstrap-c/pkg/lib/gcc/x86_64-pc-linux-gnu/10.3.1/rts-zfp/gnat/s-secsta.ads:49:14" shape : ellipse }
edge: { sourcename: "__gnat_get_secondary_stack" targetname: "system__secondary_stack__ss_init" label: "/it/sbx/a2c2/x86_64-linux/recompilablerts_bootstrap-c/pkg/lib/gcc/x86_64-pc-linux-gnu/10.3.1/rts-zfp/gnat/s-sssita.adb:56:10" }
}
