graph: { title: "/it/sbx/a2c2/x86_64-linux/recompilablerts_bootstrap-c/pkg/lib/gcc/x86_64-pc-linux-gnu/10.3.1/rts-zfp/gnat/s-textio.adb"
node: { title: "system__text_io__get" label: "Get\n/it/sbx/a2c2/x86_64-linux/recompilablerts_bootstrap-c/pkg/lib/gcc/x86_64-pc-linux-gnu/10.3.1/rts-zfp/gnat/s-textio.adb:41:4\n16 bytes (static)\n0 dynamic objects" }
node: { title: "__gnat_last_chance_handler" label: "gnat_last_chance_handler\n<built-in>" shape : ellipse }
edge: { sourcename: "system__text_io__get" targetname: "__gnat_last_chance_handler" label: "/it/sbx/a2c2/x86_64-linux/recompilablerts_bootstrap-c/pkg/lib/gcc/x86_64-pc-linux-gnu/10.3.1/rts-zfp/gnat/s-textio.adb:44:7" }
node: { title: "system__text_io__initialize" label: "Initialize\n/it/sbx/a2c2/x86_64-linux/recompilablerts_bootstrap-c/pkg/lib/gcc/x86_64-pc-linux-gnu/10.3.1/rts-zfp/gnat/s-textio.adb:52:4\n8 bytes (static)\n0 dynamic objects" }
node: { title: "system__text_io__is_rx_ready" label: "Is_Rx_Ready\n/it/sbx/a2c2/x86_64-linux/recompilablerts_bootstrap-c/pkg/lib/gcc/x86_64-pc-linux-gnu/10.3.1/rts-zfp/gnat/s-textio.adb:61:4\n8 bytes (static)\n0 dynamic objects" }
node: { title: "system__text_io__is_tx_ready" label: "Is_Tx_Ready\n/it/sbx/a2c2/x86_64-linux/recompilablerts_bootstrap-c/pkg/lib/gcc/x86_64-pc-linux-gnu/10.3.1/rts-zfp/gnat/s-textio.adb:70:4\n8 bytes (static)\n0 dynamic objects" }
node: { title: "system__text_io__put" label: "Put\n/it/sbx/a2c2/x86_64-linux/recompilablerts_bootstrap-c/pkg/lib/gcc/x86_64-pc-linux-gnu/10.3.1/rts-zfp/gnat/s-textio.adb:79:4\n8 bytes (static)\n0 dynamic objects" }
node: { title: "putchar" label: "Putchar\n/it/sbx/a2c2/x86_64-linux/recompilablerts_bootstrap-c/pkg/lib/gcc/x86_64-pc-linux-gnu/10.3.1/rts-zfp/gnat/s-textio.adb:80:17" shape : ellipse }
edge: { sourcename: "system__text_io__put" targetname: "putchar" label: "/it/sbx/a2c2/x86_64-linux/recompilablerts_bootstrap-c/pkg/lib/gcc/x86_64-pc-linux-gnu/10.3.1/rts-zfp/gnat/s-textio.adb:83:7" }
node: { title: "system__text_io__use_cr_lf_for_new_line" label: "Use_Cr_Lf_For_New_Line\n/it/sbx/a2c2/x86_64-linux/recompilablerts_bootstrap-c/pkg/lib/gcc/x86_64-pc-linux-gnu/10.3.1/rts-zfp/gnat/s-textio.adb:90:4\n8 bytes (static)\n0 dynamic objects" }
}
