a-assert.ads
a-btgbso.ads
a-calari.ads
a-calcon.ads
a-caldel.ads
a-calend.ads
a-calfor.ads
a-catizo.ads
a-cbdlli.ads
a-cbhama.ads
a-cbhase.ads
a-cbmutr.ads
a-cborma.ads
a-cborse.ads
a-cbprqu.ads
a-cbsyqu.ads
a-cdlili.ads
a-cfdlli.ads
a-cfhama.ads
a-cfhase.ads
a-cfinve.ads
a-cforma.ads
a-cforse.ads
a-cgaaso.ads
a-cgarso.ads
a-cgcaso.ads
a-chacon.ads
a-chahan.ads
a-charac.ads
a-chlat1.ads
a-chlat9.ads
a-chtgbk.ads
a-chtgbo.ads
a-chtgke.ads
a-chtgop.ads
a-chzla1.ads
a-chzla9.ads
a-cidlli.ads
a-cihama.ads
a-cihase.ads
a-cimutr.ads
a-ciorma.ads
a-ciormu.ads
a-ciorse.ads
a-clrefi.ads
a-coboho.ads
a-cobove.ads
a-cofove.ads
a-cofuba.ads
a-cofuma.ads
a-cofuse.ads
a-cofuve.ads
a-cogeso.ads
a-cohama.ads
a-cohase.ads
a-cohata.ads
a-coinho.ads
a-coinve.ads
a-colien.ads
a-colire.ads
a-comlin.ads
a-comutr.ads
a-conhel.ads
a-contai.ads
a-convec.ads
a-coorma.ads
a-coormu.ads
a-coorse.ads
a-coprnu.ads
a-coteio.ads
a-crbltr.ads
a-crbtgk.ads
a-crbtgo.ads
a-crdlli.ads
a-csquin.ads
a-cuprqu.ads
a-cusyqu.ads
a-cwila1.ads
a-cwila9.ads
a-decima.ads
a-dhfina.ads
a-diocst.ads
a-direct.ads
a-direio.ads
a-dirval.ads
a-einuoc.ads
a-elchha.ads
a-envvar.ads
a-except.ads
a-exctra.ads
a-finali.ads
a-flteio.ads
a-fwteio.ads
a-fzteio.ads
a-inteio.ads
a-ioexce.ads
a-iteint.ads
a-iwteio.ads
a-izteio.ads
a-lcteio.ads
a-lfteio.ads
a-lfwtio.ads
a-lfztio.ads
a-liteio.ads
a-liwtio.ads
a-liztio.ads
a-llctio.ads
a-llftio.ads
a-llfwti.ads
a-llfzti.ads
a-llitio.ads
a-lliwti.ads
a-llizti.ads
a-llltio.ads
a-lllwti.ads
a-lllzti.ads
a-locale.ads
a-nbnbin.ads
a-nbnbre.ads
a-ncelfu.ads
a-ngcefu.ads
a-ngcoar.ads
a-ngcoty.ads
a-ngelfu.ads
a-ngrear.ads
a-nlcefu.ads
a-nlcoar.ads
a-nlcoty.ads
a-nlelfu.ads
a-nllcar.ads
a-nllcef.ads
a-nllcty.ads
a-nllefu.ads
a-nllrar.ads
a-nlrear.ads
a-nscefu.ads
a-nscoty.ads
a-nselfu.ads
a-nubinu.ads
a-nucoar.ads
a-nucoty.ads
a-nudira.ads
a-nuelfu.ads
a-nuflra.ads
a-nagefl.ads
a-nallfl.ads
a-nalofl.ads
a-nuaufl.ads
a-nashfl.ads
a-nuauco.ads
a-naliop.ads
a-numaux.ads
a-numeri.ads
a-nurear.ads
a-rbtgbk.ads
a-rbtgbo.ads
a-rbtgso.ads
a-sbecin.ads
a-sbhcin.ads
a-sblcin.ads
a-scteio.ads
a-secain.ads
a-sequio.ads
a-sfecin.ads
a-sfhcin.ads
a-sflcin.ads
a-sfteio.ads
a-sfwtio.ads
a-sfztio.ads
a-shcain.ads
a-siocst.ads
a-siteio.ads
a-siwtio.ads
a-siztio.ads
a-slcain.ads
a-ssicst.ads
a-ssitio.ads
a-ssiwti.ads
a-ssizti.ads
a-stboha.ads
a-stfiha.ads
a-stmaco.ads
a-storio.ads
a-strbou.ads
a-stream.ads
a-strsto.ads
a-ststbo.ads
a-ststun.ads
a-strfix.ads
a-strhas.ads
a-string.ads
a-strmap.ads
a-strsea.ads
a-strsup.ads
a-strunb.ads
a-ststio.ads
a-sttebu.ads
a-stbuun.ads
a-stbubo.ads
a-stbuut.ads
a-stbufi.ads
a-stbufo.ads
a-stunau.ads
a-stunha.ads
a-stuten.ads
a-stwibo.ads
a-stwifi.ads
a-stwiha.ads
a-stwima.ads
a-stwise.ads
a-stwisu.ads
a-stwiun.ads
a-stzbou.ads
a-stzfix.ads
a-stzhas.ads
a-stzmap.ads
a-stzsea.ads
a-stzsup.ads
a-stzunb.ads
a-suecin.ads
a-suenco.ads
a-suenst.ads
a-suewst.ads
a-suezst.ads
a-suhcin.ads
a-sulcin.ads
a-suteio.ads
a-swbwha.ads
a-swfwha.ads
a-swmwco.ads
a-swunau.ads
a-swuwha.ads
a-swuwti.ads
a-szbzha.ads
a-szfzha.ads
a-szmzco.ads
a-szunau.ads
a-szuzha.ads
a-szuzti.ads
a-tags.ads
a-teioed.ads
a-textio.ads
a-tgdico.ads
a-tiboio.ads
a-ticoau.ads
a-ticoio.ads
a-tideau.ads
a-tideio.ads
a-tienau.ads
a-tienio.ads
a-tifiau.ads
a-tifiio.ads
a-tiflau.ads
a-tiflio.ads
a-tigeau.ads
a-tiinau.ads
a-tiinio.ads
a-timoio.ads
a-tiocst.ads
a-tirsfi.ads
a-titest.ads
a-tiunio.ads
a-unccon.ads
a-uncdea.ads
a-undesu.ads
a-wichha.ads
a-wichun.ads
a-widcha.ads
a-witeio.ads
a-wrstfi.ads
a-wtcoau.ads
a-wtcoio.ads
a-wtcstr.ads
a-wtdeau.ads
a-wtdeio.ads
a-wtedit.ads
a-wtenau.ads
a-wtenio.ads
a-wtfiau.ads
a-wtfiio.ads
a-wtflau.ads
a-wtflio.ads
a-wtgeau.ads
a-wtinau.ads
a-wtinio.ads
a-wtmoio.ads
a-wttest.ads
a-wwboio.ads
a-wwunio.ads
a-zchara.ads
a-zchhan.ads
a-zchuni.ads
a-zrstfi.ads
a-ztcoau.ads
a-ztcoio.ads
a-ztcstr.ads
a-ztdeau.ads
a-ztdeio.ads
a-ztedit.ads
a-ztenau.ads
a-ztenio.ads
a-ztexio.ads
a-ztfiau.ads
a-ztfiio.ads
a-ztflau.ads
a-ztflio.ads
a-ztgeau.ads
a-ztinau.ads
a-ztinio.ads
a-ztmoio.ads
a-zttest.ads
a-zzboio.ads
a-zzunio.ads
ada.ads
calendar.ads
directio.ads
g-arrspl.ads
g-awk.ads
g-binenv.ads
g-brapre.ads
g-bubsor.ads
g-busora.ads
g-busorg.ads
g-byorma.ads
g-bytswa.ads
g-calend.ads
g-casuti.ads
g-catiio.ads
g-cgi.ads
g-cgicoo.ads
g-cgideb.ads
g-comlin.ads
g-comver.ads
g-crc32.ads
g-ctrl_c.ads
g-curexc.ads
g-debpoo.ads
g-debuti.ads
g-decstr.ads
g-deutst.ads
g-diopit.ads
g-dirope.ads
g-dynhta.ads
g-dyntab.ads
g-encstr.ads
g-enutst.ads
g-excact.ads
g-except.ads
g-exctra.ads
g-expect.ads
g-exptty.ads
g-flocon.ads
g-forstr.ads
g-graphs.ads
g-heasor.ads
g-hesora.ads
g-hesorg.ads
g-htable.ads
g-io.ads
g-io_aux.ads
g-lists.ads
g-locfil.ads
g-mbdira.ads
g-mbflra.ads
g-md5.ads
g-memdum.ads
g-moreex.ads
g-os_lib.ads
g-pehage.ads
g-rannum.ads
g-regexp.ads
g-regpat.ads
g-rewdat.ads
g-sechas.ads
g-sehamd.ads
g-sehash.ads
g-sercom.ads
g-sestin.ads
g-sets.ads
g-sha1.ads
g-sha224.ads
g-sha256.ads
g-sha384.ads
g-sha512.ads
g-shsh32.ads
g-shsh64.ads
g-shshco.ads
g-souinf.ads
g-spchge.ads
g-speche.ads
g-spipat.ads
g-spitbo.ads
g-spogwa.ads
g-sptabo.ads
g-sptain.ads
g-sptavs.ads
g-strhas.ads
g-string.ads
g-strspl.ads
g-table.ads
g-tasloc.ads
g-timsta.ads
g-traceb.ads
g-trasym.ads
g-tty.ads
g-u3spch.ads
g-utf_32.ads
g-wispch.ads
g-wistsp.ads
g-zspche.ads
g-zstspl.ads
gnat.ads
i-c.ads
i-cexten.ads
i-cobol.ads
i-cpoint.ads
i-cstrea.ads
i-cstrin.ads
i-fortra.ads
i-pacdec.ads
interfac.ads
ioexcept.ads
machcode.ads
s-addima.ads
s-addope.ads
s-aoinar.ads
s-aomoar.ads
s-aotase.ads
s-aridou.ads
s-arit32.ads
s-arit64.ads
s-assert.ads
s-atacco.ads
s-atocou.ads
s-atoope.ads
s-atopex.ads
s-atopri.ads
s-auxdec.ads
s-bignum.ads
s-bitfie.ads
s-bitops.ads
s-bituti.ads
s-boarop.ads
s-boustr.ads
s-bytswa.ads
s-carsi8.ads
s-carun8.ads
s-casi16.ads
s-casi32.ads
s-casi64.ads
s-casuti.ads
s-caun16.ads
s-caun32.ads
s-caun64.ads
s-chepoo.ads
s-commun.ads
s-conca2.ads
s-conca3.ads
s-conca4.ads
s-conca5.ads
s-conca6.ads
s-conca7.ads
s-conca8.ads
s-conca9.ads
s-crc32.ads
s-crtl.ads
s-dfmkio.ads
s-dfmopr.ads
s-dgmgop.ads
s-diflio.ads
s-diflmk.ads
s-digemk.ads
s-diinio.ads
s-dilomk.ads
s-dim.ads
s-dimkio.ads
s-dimmks.ads
s-direio.ads
s-dlmkio.ads
s-dlmopr.ads
s-dmotpr.ads
s-dourea.ads
s-dsaser.ads
s-elaall.ads
s-excdeb.ads
s-except.ads
s-exctab.ads
s-exctra.ads
s-exnint.ads
s-exnflt.ads
s-exnlfl.ads
s-exnllf.ads
s-exnlli.ads
s-expint.ads
s-explli.ads
s-expllu.ads
s-expmod.ads
s-exponn.ads
s-exponr.ads
s-expont.ads
s-exponu.ads
s-expuns.ads
s-fatflt.ads
s-fatgen.ads
s-fatlfl.ads
s-fatllf.ads
s-ficobl.ads
s-filatt.ads
s-fileio.ads
s-finmas.ads
s-finroo.ads
s-flocon.ads
s-fode32.ads
s-fode64.ads
s-fofi32.ads
s-fofi64.ads
s-fore_d.ads
s-fore_f.ads
s-forrea.ads
s-gearop.ads
s-genbig.ads
s-geveop.ads
s-gloloc.ads
s-htable.ads
s-imageb.ads
s-imaged.ads
s-imagef.ads
s-imagei.ads
s-imagen.ads
s-imager.ads
s-imageu.ads
s-imagew.ads
s-imde32.ads
s-imde64.ads
s-imen16.ads
s-imen32.ads
s-imenu8.ads
s-imfi32.ads
s-imfi64.ads
s-imgbiu.ads
s-imgboo.ads
s-imgcha.ads
s-imgflt.ads
s-imgint.ads
s-imglfl.ads
s-imgllf.ads
s-imgllb.ads
s-imglli.ads
s-imgllu.ads
s-imgllw.ads
s-imgrea.ads
s-imguns.ads
s-imguti.ads
s-imgwch.ads
s-imgwiu.ads
s-io.ads
s-llflex.ads
s-maccod.ads
s-mantis.ads
s-mastop.ads
s-memcop.ads
s-memory.ads
s-multip.ads
s-os_lib.ads
s-osprim.ads
s-pack03.ads
s-pack05.ads
s-pack06.ads
s-pack07.ads
s-pack09.ads
s-pack10.ads
s-pack11.ads
s-pack12.ads
s-pack13.ads
s-pack14.ads
s-pack15.ads
s-pack17.ads
s-pack18.ads
s-pack19.ads
s-pack20.ads
s-pack21.ads
s-pack22.ads
s-pack23.ads
s-pack24.ads
s-pack25.ads
s-pack26.ads
s-pack27.ads
s-pack28.ads
s-pack29.ads
s-pack30.ads
s-pack31.ads
s-pack33.ads
s-pack34.ads
s-pack35.ads
s-pack36.ads
s-pack37.ads
s-pack38.ads
s-pack39.ads
s-pack40.ads
s-pack41.ads
s-pack42.ads
s-pack43.ads
s-pack44.ads
s-pack45.ads
s-pack46.ads
s-pack47.ads
s-pack48.ads
s-pack49.ads
s-pack50.ads
s-pack51.ads
s-pack52.ads
s-pack53.ads
s-pack54.ads
s-pack55.ads
s-pack56.ads
s-pack57.ads
s-pack58.ads
s-pack59.ads
s-pack60.ads
s-pack61.ads
s-pack62.ads
s-pack63.ads
s-parame.ads
s-parint.ads
s-pehage.ads
s-pooglo.ads
s-pooloc.ads
s-poosiz.ads
s-powflt.ads
s-powlfl.ads
s-powllf.ads
s-purexc.ads
s-putima.ads
s-rannum.ads
s-ransee.ads
s-regexp.ads
s-regpat.ads
s-resfil.ads
s-restri.ads
s-rident.ads
s-rpc.ads
s-scaval.ads
s-secsta.ads
s-sequio.ads
s-shabig.ads
s-shasto.ads
s-soflin.ads
s-soliin.ads
s-spsufi.ads
s-stache.ads
s-stalib.ads
s-stausa.ads
s-stoele.ads
s-stopoo.ads
s-stposu.ads
s-stratt.ads
s-statxd.ads
s-strhas.ads
s-string.ads
s-ststop.ads
s-tasloc.ads
s-traceb.ads
s-traent.ads
s-trasym.ads
s-unstyp.ads
s-utf_32.ads
s-valboo.ads
s-valcha.ads
s-vade32.ads
s-vade64.ads
s-vaen16.ads
s-vaen32.ads
s-vaenu8.ads
s-vafi32.ads
s-vafi64.ads
s-valflt.ads
s-valint.ads
s-vallfl.ads
s-valllf.ads
s-vallli.ads
s-valllu.ads
s-valrea.ads
s-valued.ads
s-valuef.ads
s-valuei.ads
s-valuen.ads
s-valuer.ads
s-valueu.ads
s-valuns.ads
s-valuti.ads
s-valwch.ads
s-veboop.ads
s-vector.ads
s-vercon.ads
s-wchcnv.ads
s-wchcon.ads
s-wchjis.ads
s-wchstw.ads
s-wchwts.ads
s-widboo.ads
s-widcha.ads
s-widenu.ads
s-widint.ads
s-widlli.ads
s-widllu.ads
s-widthi.ads
s-widthu.ads
s-widuns.ads
s-widwch.ads
s-wwdcha.ads
s-wwdenu.ads
s-wwdwch.ads
sequenio.ads
system.ads
text_io.ads
unchconv.ads
unchdeal.ads
g-allein.ads
g-alleve.ads
g-altcon.ads
g-altive.ads
g-alveop.ads
g-alvety.ads
g-alvevi.ads
g-soccon.ads
g-socket.ads
g-socthi.ads
g-soliop.ads
g-sothco.ads
g-socpol.ads
g-sse.ads
g-ssvety.ads
s-objrea.ads
s-dwalin.ads
s-mmap.ads
s-mmosin.ads
s-mmauni.ads
s-arit128.ads
s-casi128.ads
s-caun128.ads
s-exnllli.ads
s-expllli.ads
s-explllu.ads
s-fode128.ads
s-fofi128.ads
s-imde128.ads
s-imfi128.ads
s-imglllb.ads
s-imgllli.ads
s-imglllu.ads
s-imglllw.ads
s-pack65.ads
s-pack66.ads
s-pack67.ads
s-pack68.ads
s-pack69.ads
s-pack70.ads
s-pack71.ads
s-pack72.ads
s-pack73.ads
s-pack74.ads
s-pack75.ads
s-pack76.ads
s-pack77.ads
s-pack78.ads
s-pack79.ads
s-pack80.ads
s-pack81.ads
s-pack82.ads
s-pack83.ads
s-pack84.ads
s-pack85.ads
s-pack86.ads
s-pack87.ads
s-pack88.ads
s-pack89.ads
s-pack90.ads
s-pack91.ads
s-pack92.ads
s-pack93.ads
s-pack94.ads
s-pack95.ads
s-pack96.ads
s-pack97.ads
s-pack98.ads
s-pack99.ads
s-pack100.ads
s-pack101.ads
s-pack102.ads
s-pack103.ads
s-pack104.ads
s-pack105.ads
s-pack106.ads
s-pack107.ads
s-pack108.ads
s-pack109.ads
s-pack110.ads
s-pack111.ads
s-pack112.ads
s-pack113.ads
s-pack114.ads
s-pack115.ads
s-pack116.ads
s-pack117.ads
s-pack118.ads
s-pack119.ads
s-pack120.ads
s-pack121.ads
s-pack122.ads
s-pack123.ads
s-pack124.ads
s-pack125.ads
s-pack126.ads
s-pack127.ads
s-vade128.ads
s-vafi128.ads
s-valllli.ads
s-vallllu.ads
s-widllli.ads
s-widlllu.ads
g-cppexc.ads
s-excmac.ads
a-assert.adb
a-btgbso.adb
a-calari.adb
a-calcon.adb
a-caldel.adb
a-calend.adb
a-calfor.adb
a-catizo.adb
a-cbdlli.adb
a-cbhama.adb
a-cbhase.adb
a-cbmutr.adb
a-cborma.adb
a-cborse.adb
a-cbprqu.adb
a-cbsyqu.adb
a-cdlili.adb
a-cfdlli.adb
a-cfhama.adb
a-cfhase.adb
a-cfinve.adb
a-cforma.adb
a-cforse.adb
a-cgaaso.adb
a-cgarso.adb
a-cgcaso.adb
a-chacon.adb
a-chahan.adb
a-chtgbk.adb
a-chtgbo.adb
a-chtgke.adb
a-chtgop.adb
a-cidlli.adb
a-cihama.adb
a-cihase.adb
a-cimutr.adb
a-ciorma.adb
a-ciormu.adb
a-ciorse.adb
a-clrefi.adb
a-coboho.adb
a-cobove.adb
a-cofove.adb
a-cofuba.adb
a-cofuma.adb
a-cofuse.adb
a-cofuve.adb
a-cogeso.adb
a-cohama.adb
a-cohase.adb
a-coinho.adb
a-coinve.adb
a-colien.adb
a-colire.adb
a-comlin.adb
a-comutr.adb
a-conhel.adb
a-convec.adb
a-coorma.adb
a-coormu.adb
a-coorse.adb
a-coprnu.adb
a-crbtgk.adb
a-crbtgo.adb
a-crdlli.adb
a-cuprqu.adb
a-cusyqu.adb
a-decima.adb
a-dhfina.adb
a-diocst.adb
a-direct.adb
a-direio.adb
a-dirval.adb
a-einuoc.adb
a-elchha.adb
a-envvar.adb
a-except.adb
a-exctra.adb
a-finali.adb
a-locale.adb
a-nbnbin.adb
a-nbnbre.adb
a-ngcefu.adb
a-ngcoar.adb
a-ngcoty.adb
a-ngelfu.adb
a-ngrear.adb
a-nudira.adb
a-nuflra.adb
a-rbtgbk.adb
a-rbtgbo.adb
a-rbtgso.adb
a-sbecin.adb
a-sbhcin.adb
a-sblcin.adb
a-secain.adb
a-sequio.adb
a-shcain.adb
a-siocst.adb
a-slcain.adb
a-ssicst.adb
a-stboha.adb
a-storio.adb
a-strbou.adb
a-stream.adb
a-ststbo.adb
a-ststun.adb
a-strfix.adb
a-strhas.adb
a-strmap.adb
a-strsea.adb
a-strsup.adb
a-strunb.adb
a-ststio.adb
a-sttebu.adb
a-stbuun.adb
a-stbubo.adb
a-stbuut.adb
a-stbufi.adb
a-stbufo.adb
a-stunau.adb
a-stunha.adb
a-stuten.adb
a-stwibo.adb
a-stwifi.adb
a-stwiha.adb
a-stwima.adb
a-stwise.adb
a-stwisu.adb
a-stwiun.adb
a-stzbou.adb
a-stzfix.adb
a-stzhas.adb
a-stzmap.adb
a-stzsea.adb
a-stzsup.adb
a-stzunb.adb
a-suecin.adb
a-suenco.adb
a-suenst.adb
a-suewst.adb
a-suezst.adb
a-suhcin.adb
a-sulcin.adb
a-suteio.adb
a-swbwha.adb
a-swunau.adb
a-swuwha.adb
a-swuwti.adb
a-szbzha.adb
a-szunau.adb
a-szuzha.adb
a-szuzti.adb
a-tags.adb
a-teioed.adb
a-textio.adb
a-tiboio.adb
a-ticoau.adb
a-ticoio.adb
a-tideau.adb
a-tideio.adb
a-tienau.adb
a-tienio.adb
a-tifiau.adb
a-tifiio.adb
a-tiflau.adb
a-tiflio.adb
a-tigeau.adb
a-tiinau.adb
a-tiinio.adb
a-timoio.adb
a-tiocst.adb
a-tirsfi.adb
a-titest.adb
a-undesu.adb
a-wichha.adb
a-wichun.adb
a-witeio.adb
a-wrstfi.adb
a-wtcoau.adb
a-wtcoio.adb
a-wtcstr.adb
a-wtdeau.adb
a-wtdeio.adb
a-wtedit.adb
a-wtenau.adb
a-wtenio.adb
a-wtfiau.adb
a-wtfiio.adb
a-wtflau.adb
a-wtflio.adb
a-wtgeau.adb
a-wtinau.adb
a-wtinio.adb
a-wtmoio.adb
a-wttest.adb
a-wwboio.adb
a-zchhan.adb
a-zchuni.adb
a-zrstfi.adb
a-ztcoau.adb
a-ztcoio.adb
a-ztcstr.adb
a-ztdeau.adb
a-ztdeio.adb
a-ztedit.adb
a-ztenau.adb
a-ztenio.adb
a-ztexio.adb
a-ztfiau.adb
a-ztfiio.adb
a-ztflau.adb
a-ztflio.adb
a-ztgeau.adb
a-ztinau.adb
a-ztinio.adb
a-ztmoio.adb
a-zttest.adb
a-zzboio.adb
g-arrspl.adb
g-awk.adb
g-binenv.adb
g-bubsor.adb
g-busora.adb
g-busorg.adb
g-byorma.adb
g-bytswa.adb
g-calend.adb
g-casuti.adb
g-catiio.adb
g-cgi.adb
g-cgicoo.adb
g-cgideb.adb
g-comlin.adb
g-comver.adb
g-crc32.adb
g-ctrl_c.adb
g-debpoo.adb
g-debuti.adb
g-decstr.adb
g-diopit.adb
g-dirope.adb
g-dynhta.adb
g-dyntab.adb
g-encstr.adb
g-excact.adb
g-exctra.adb
g-expect.adb
g-exptty.adb
g-forstr.adb
g-graphs.adb
g-heasor.adb
g-hesora.adb
g-hesorg.adb
g-htable.adb
g-io.adb
g-io_aux.adb
g-lists.adb
g-locfil.adb
g-mbdira.adb
g-mbflra.adb
g-md5.adb
g-memdum.adb
g-moreex.adb
g-os_lib.adb
g-pehage.adb
g-rannum.adb
g-regexp.adb
g-regpat.adb
g-rewdat.adb
g-sechas.adb
g-sehamd.adb
g-sehash.adb
g-sercom.adb
g-sets.adb
g-sha1.adb
g-shsh32.adb
g-shsh64.adb
g-shshco.adb
g-spchge.adb
g-speche.adb
g-spipat.adb
g-spitbo.adb
g-spogwa.adb
g-string.adb
g-table.adb
g-tasloc.adb
g-timsta.adb
g-traceb.adb
g-trasym.adb
g-tty.adb
g-u3spch.adb
g-utf_32.adb
g-wispch.adb
g-zspche.adb
i-c.adb
i-cobol.adb
i-cpoint.adb
i-cstrea.adb
i-cstrin.adb
i-fortra.adb
i-pacdec.adb
s-addima.adb
s-addope.adb
s-aoinar.adb
s-aomoar.adb
s-aotase.adb
s-aridou.adb
s-arit32.adb
s-arit64.adb
s-assert.adb
s-atacco.adb
s-atocou.adb
s-atopex.adb
s-atopri.adb
s-auxdec.adb
s-bignum.adb
s-bitops.adb
s-bituti.adb
s-boustr.adb
s-carsi8.adb
s-carun8.adb
s-casi16.adb
s-casi32.adb
s-casi64.adb
s-casuti.adb
s-caun16.adb
s-caun32.adb
s-caun64.adb
s-commun.adb
s-conca2.adb
s-conca3.adb
s-conca4.adb
s-conca5.adb
s-conca6.adb
s-conca7.adb
s-conca8.adb
s-conca9.adb
s-crc32.adb
s-diflio.adb
s-diinio.adb
s-direio.adb
s-dourea.adb
s-elaall.adb
s-excdeb.adb
s-except.adb
s-exctab.adb
s-exctra.adb
s-exnint.adb
s-exnllf.adb
s-exnlli.adb
s-expint.adb
s-explli.adb
s-expllu.adb
s-expmod.adb
s-exponn.adb
s-exponr.adb
s-expont.adb
s-exponu.adb
s-expuns.adb
s-fatgen.adb
s-fileio.adb
s-finmas.adb
s-finroo.adb
s-flocon.adb
s-fore_d.adb
s-fore_f.adb
s-forrea.adb
s-gearop.adb
s-genbig.adb
s-geveop.adb
s-gloloc.adb
s-htable.adb
s-imageb.adb
s-imaged.adb
s-imagef.adb
s-imagei.adb
s-imagen.adb
s-imager.adb
s-imageu.adb
s-imagew.adb
s-imgbiu.adb
s-imgboo.adb
s-imgcha.adb
s-imgint.adb
s-imgllb.adb
s-imglli.adb
s-imgllu.adb
s-imgllw.adb
s-imgrea.adb
s-imguns.adb
s-imguti.adb
s-imgwch.adb
s-imgwiu.adb
s-io.adb
s-mantis.adb
s-mastop.adb
s-memory.adb
s-multip.adb
s-os_lib.adb
s-osprim.adb
s-pack03.adb
s-pack05.adb
s-pack06.adb
s-pack07.adb
s-pack09.adb
s-pack10.adb
s-pack11.adb
s-pack12.adb
s-pack13.adb
s-pack14.adb
s-pack15.adb
s-pack17.adb
s-pack18.adb
s-pack19.adb
s-pack20.adb
s-pack21.adb
s-pack22.adb
s-pack23.adb
s-pack24.adb
s-pack25.adb
s-pack26.adb
s-pack27.adb
s-pack28.adb
s-pack29.adb
s-pack30.adb
s-pack31.adb
s-pack33.adb
s-pack34.adb
s-pack35.adb
s-pack36.adb
s-pack37.adb
s-pack38.adb
s-pack39.adb
s-pack40.adb
s-pack41.adb
s-pack42.adb
s-pack43.adb
s-pack44.adb
s-pack45.adb
s-pack46.adb
s-pack47.adb
s-pack48.adb
s-pack49.adb
s-pack50.adb
s-pack51.adb
s-pack52.adb
s-pack53.adb
s-pack54.adb
s-pack55.adb
s-pack56.adb
s-pack57.adb
s-pack58.adb
s-pack59.adb
s-pack60.adb
s-pack61.adb
s-pack62.adb
s-pack63.adb
s-parame.adb
s-parint.adb
s-pehage.adb
s-pooglo.adb
s-pooloc.adb
s-poosiz.adb
s-putima.adb
s-rannum.adb
s-ransee.adb
s-regexp.adb
s-regpat.adb
s-resfil.adb
s-restri.adb
s-rpc.adb
s-scaval.adb
s-secsta.adb
s-sequio.adb
s-shasto.adb
s-soflin.adb
s-soliin.adb
s-spsufi.adb
s-stache.adb
s-stalib.adb
s-stausa.adb
s-stoele.adb
s-stopoo.adb
s-stposu.adb
s-stratt.adb
s-statxd.adb
s-strhas.adb
s-string.adb
s-ststop.adb
s-tasloc.adb
s-traceb.adb
s-traent.adb
s-trasym.adb
s-utf_32.adb
s-valboo.adb
s-valcha.adb
s-valint.adb
s-vallli.adb
s-valllu.adb
s-valrea.adb
s-valued.adb
s-valuef.adb
s-valuei.adb
s-valuen.adb
s-valuer.adb
s-valueu.adb
s-valuns.adb
s-valuti.adb
s-valwch.adb
s-veboop.adb
s-vercon.adb
s-wchcnv.adb
s-wchcon.adb
s-wchjis.adb
s-wchstw.adb
s-wchwts.adb
s-widboo.adb
s-widcha.adb
s-widenu.adb
s-widlli.adb
s-widllu.adb
s-widthi.adb
s-widthu.adb
s-widwch.adb
s-wwdcha.adb
s-wwdenu.adb
s-wwdwch.adb
g-alleve.adb
g-altcon.adb
g-alveop.adb
g-socket.adb
g-socthi.adb
g-sothco.adb
g-socpol.adb
s-objrea.adb
s-dwalin.adb
s-mmap.adb
s-mmosin.adb
s-arit128.adb
s-casi128.adb
s-caun128.adb
s-pack65.adb
s-pack66.adb
s-pack67.adb
s-pack68.adb
s-pack69.adb
s-pack70.adb
s-pack71.adb
s-pack72.adb
s-pack73.adb
s-pack74.adb
s-pack75.adb
s-pack76.adb
s-pack77.adb
s-pack78.adb
s-pack79.adb
s-pack80.adb
s-pack81.adb
s-pack82.adb
s-pack83.adb
s-pack84.adb
s-pack85.adb
s-pack86.adb
s-pack87.adb
s-pack88.adb
s-pack89.adb
s-pack90.adb
s-pack91.adb
s-pack92.adb
s-pack93.adb
s-pack94.adb
s-pack95.adb
s-pack96.adb
s-pack97.adb
s-pack98.adb
s-pack99.adb
s-pack100.adb
s-pack101.adb
s-pack102.adb
s-pack103.adb
s-pack104.adb
s-pack105.adb
s-pack106.adb
s-pack107.adb
s-pack108.adb
s-pack109.adb
s-pack110.adb
s-pack111.adb
s-pack112.adb
s-pack113.adb
s-pack114.adb
s-pack115.adb
s-pack116.adb
s-pack117.adb
s-pack118.adb
s-pack119.adb
s-pack120.adb
s-pack121.adb
s-pack122.adb
s-pack123.adb
s-pack124.adb
s-pack125.adb
s-pack126.adb
s-pack127.adb
g-cppexc.adb
s-excmac.adb
s-oscons.ads
adadecode.c
adaint.c
argv.c
aux-io.c
cal.c
cio.c
cstreams.c
ctrl_c.c
env.c
errno.c
exit.c
expect.c
final.c
rtfinal.c
rtinit.c
init.c
initialize.c
locales.c
mkdir.c
raise.c
seh_init.c
socket.c
sysdep.c
targext.c
terminals.c
tracebak.c
raise-gcc.c
adadecode.h
adaint.h
env.h
gsocket.h
raise.h
standard.ads.h
runtime.h
