a-dispat.ads
a-dynpri.ads
a-interr.ads
a-intnam.ads
a-reatim.ads
a-retide.ads
a-rttiev.ads
a-synbar.ads
a-sytaco.ads
a-tasatt.ads
a-taside.ads
a-tasini.ads
a-taster.ads
g-boubuf.ads
g-boumai.ads
g-semaph.ads
g-signal.ads
g-tastus.ads
g-thread.ads
s-inmaop.ads
s-interr.ads
s-intman.ads
s-mudido.ads
s-osinte.ads
s-proinf.ads
s-putaim.ads
s-solita.ads
s-stusta.ads
s-taenca.ads
s-taprob.ads
s-taprop.ads
s-tarest.ads
s-tasdeb.ads
s-tasinf.ads
s-tasini.ads
s-taskin.ads
s-taspri.ads
s-tasque.ads
s-tasres.ads
s-tasren.ads
s-tassta.ads
s-tasuti.ads
s-taasde.ads
s-tadeca.ads
s-tadert.ads
s-tataat.ads
s-tpinop.ads
s-tpoben.ads
s-tpobop.ads
s-tposen.ads
s-linux.ads
a-exetim.ads
a-dispat.adb
a-dynpri.adb
a-interr.adb
a-reatim.adb
a-retide.adb
a-rttiev.adb
a-synbar.adb
a-sytaco.adb
a-tasatt.adb
a-taside.adb
a-tasini.adb
a-taster.adb
g-boubuf.adb
g-semaph.adb
g-signal.adb
g-thread.adb
s-inmaop.adb
s-interr.adb
s-intman.adb
s-mudido.adb
s-osinte.adb
s-proinf.adb
s-putaim.adb
s-solita.adb
s-stusta.adb
s-taenca.adb
s-taprob.adb
s-taprop.adb
s-tarest.adb
s-tasdeb.adb
s-tasinf.adb
s-tasini.adb
s-taskin.adb
s-tasque.adb
s-tasren.adb
s-tassta.adb
s-tasuti.adb
s-taasde.adb
s-tadeca.adb
s-tadert.adb
s-tataat.adb
s-tpinop.adb
s-tpoben.adb
s-tpobop.adb
s-tposen.adb
a-exetim.adb
thread.c
